definitions = "definition.csv"
provinces = "provinces.png"
rivers = "rivers.png"
topology = "heightmap.heightmap"
continent = "continent.txt"
adjacencies = "adjacencies.csv"
island_region = "island_region.txt"
seasons = "seasons.txt"

sea_zones = RANGE { 6167  6497 }
sea_zones = RANGE { 6890  6895 }
sea_zones = RANGE { 6167 6497 }
sea_zones = RANGE { 6647 6672 }
sea_zones = RANGE { 6890 6915 }
sea_zones = RANGE { 6937 6970 }
sea_zones = LIST  { 7270 7273 7279 6917 }
impassable_seas = RANGE { 2958  2960 }
impassable_seas = RANGE { 6619  6646 }
impassable_seas = RANGE { 6652  6669 }
impassable_seas = RANGE { 6673  6889 }
impassable_seas = RANGE { 6971  7246 }
impassable_seas = RANGE { 7249  7257 }
impassable_seas = RANGE { 7271  7272 }
impassable_seas = RANGE { 7275  7276 }
impassable_seas = LIST  { 6671 6911 7278 7269 }
lakes = RANGE { 6599  6618 }
lakes = LIST { 7247 }
lakes = LIST { 7248 }
lakes = LIST { 7258 }
impassable_mountains = RANGE { 2224  2250 }
impassable_mountains = RANGE { 6100  6166 }
impassable_mountains = RANGE { 7267  7268 }
impassable_mountains = LIST { 8546 }
river_provinces = RANGE { 6498  6598 }